[debug] [2026-07-26T18:07:14.691Z] : 
[debug] [2026-07-26T18:07:14.693Z] : ----------------------------------------------------------------------
[debug] [2026-07-26T18:07:14.693Z] : Command:      C:\Program Files\nodejs\node.exe C:\Users\cocon\AppData\Roaming\npm\node_modules\zcatalyst-cli\lib\bin\catalyst.js deploy --only appsail
[debug] [2026-07-26T18:07:14.693Z] : CLI Version:  1.27.0
[debug] [2026-07-26T18:07:14.693Z] : Platform:     win32
[debug] [2026-07-26T18:07:14.693Z] : Node Version: v24.14.0
[debug] [2026-07-26T18:07:14.693Z] : Time:         Sun Jul 26 2026 23:37:14 GMT+0530 (India Standard Time)
[debug] [2026-07-26T18:07:14.693Z] : ----------------------------------------------------------------------
[debug] [2026-07-26T18:07:14.693Z] : 
[debug] [2026-07-26T18:07:16.759Z] : > authorizing via signed-in user option
[debug] [2026-07-26T18:07:16.760Z] : > command requires scopes: ["ZohoCatalyst.projects.ALL","ZohoCatalyst.functions.ALL","ZohoCatalyst.webapp.ALL","ZohoCatalyst.appsail.Update"]
[debug] [2026-07-26T18:07:16.867Z] : >>>> HTTP REQUEST : GET https://api.catalyst.zoho.in/baas/v1/project/56788000000013048 

[debug] [2026-07-26T18:07:17.036Z] : <<<< HTTP RESPONSE : 200
Response Headers: {"server":"ZGS","date":"Sun, 26 Jul 2026 18:07:17 GMT","content-type":"application/vnd.catalyst.v2+json","transfer-encoding":"chunked","connection":"keep-alive","x-content-type-options":"nosniff","cache-control":"private,no-cache,no-store,max-age=0,must-revalidate","pragma":"no-cache","expires":"Thu, 01 Jan 1970 00:00:00 GMT","x-frame-options":"DENY","strict-transport-security":"max-age=64072000; includeSubDomains; preload"}

[debug] [2026-07-26T18:07:17.041Z] : >>>> HTTP REQUEST : GET https://api.catalyst.zoho.in/baas/v1/project/56788000000013048/environment 

[debug] [2026-07-26T18:07:17.091Z] : <<<< HTTP RESPONSE : 200
Response Headers: {"server":"ZGS","date":"Sun, 26 Jul 2026 18:07:17 GMT","content-type":"application/vnd.catalyst.v2+json","transfer-encoding":"chunked","connection":"keep-alive","x-content-type-options":"nosniff","cache-control":"private,no-cache,no-store,max-age=0,must-revalidate","pragma":"no-cache","expires":"Thu, 01 Jan 1970 00:00:00 GMT","x-frame-options":"DENY","strict-transport-security":"max-age=64072000; includeSubDomains; preload"}

[debug] [2026-07-26T18:08:06.817Z] : 
[debug] [2026-07-26T18:08:06.818Z] : ----------------------------------------------------------------------
[debug] [2026-07-26T18:08:06.818Z] : Command:      C:\Program Files\nodejs\node.exe C:\Users\cocon\AppData\Roaming\npm\node_modules\zcatalyst-cli\lib\bin\catalyst.js deploy --only appsail
[debug] [2026-07-26T18:08:06.818Z] : CLI Version:  1.27.0
[debug] [2026-07-26T18:08:06.818Z] : Platform:     win32
[debug] [2026-07-26T18:08:06.818Z] : Node Version: v24.14.0
[debug] [2026-07-26T18:08:06.819Z] : Time:         Sun Jul 26 2026 23:38:06 GMT+0530 (India Standard Time)
[debug] [2026-07-26T18:08:06.819Z] : ----------------------------------------------------------------------
[debug] [2026-07-26T18:08:06.819Z] : 
[debug] [2026-07-26T18:08:09.277Z] : > authorizing via signed-in user option
[debug] [2026-07-26T18:08:09.279Z] : > command requires scopes: ["ZohoCatalyst.projects.ALL","ZohoCatalyst.functions.ALL","ZohoCatalyst.webapp.ALL","ZohoCatalyst.appsail.Update"]
[debug] [2026-07-26T18:08:09.417Z] : >>>> HTTP REQUEST : GET https://api.catalyst.zoho.in/baas/v1/project/56788000000013048 

[debug] [2026-07-26T18:08:09.554Z] : <<<< HTTP RESPONSE : 200
Response Headers: {"server":"ZGS","date":"Sun, 26 Jul 2026 18:08:09 GMT","content-type":"application/vnd.catalyst.v2+json","transfer-encoding":"chunked","connection":"keep-alive","x-content-type-options":"nosniff","cache-control":"private,no-cache,no-store,max-age=0,must-revalidate","pragma":"no-cache","expires":"Thu, 01 Jan 1970 00:00:00 GMT","x-frame-options":"DENY","strict-transport-security":"max-age=64072000; includeSubDomains; preload"}

[debug] [2026-07-26T18:08:09.558Z] : >>>> HTTP REQUEST : GET https://api.catalyst.zoho.in/baas/v1/project/56788000000013048/environment 

[debug] [2026-07-26T18:08:09.599Z] : <<<< HTTP RESPONSE : 200
Response Headers: {"server":"ZGS","date":"Sun, 26 Jul 2026 18:08:09 GMT","content-type":"application/vnd.catalyst.v2+json","transfer-encoding":"chunked","connection":"keep-alive","x-content-type-options":"nosniff","cache-control":"private,no-cache,no-store,max-age=0,must-revalidate","pragma":"no-cache","expires":"Thu, 01 Jan 1970 00:00:00 GMT","x-frame-options":"DENY","strict-transport-security":"max-age=64072000; includeSubDomains; preload"}

[debug] [2026-07-26T18:12:02.629Z] : 
[debug] [2026-07-26T18:12:02.631Z] : ----------------------------------------------------------------------
[debug] [2026-07-26T18:12:02.631Z] : Command:      C:\Program Files\nodejs\node.exe C:\Users\cocon\AppData\Roaming\npm\node_modules\zcatalyst-cli\lib\bin\catalyst.js deploy --only appsail
[debug] [2026-07-26T18:12:02.631Z] : CLI Version:  1.27.0
[debug] [2026-07-26T18:12:02.631Z] : Platform:     win32
[debug] [2026-07-26T18:12:02.631Z] : Node Version: v24.14.0
[debug] [2026-07-26T18:12:02.631Z] : Time:         Sun Jul 26 2026 23:42:02 GMT+0530 (India Standard Time)
[debug] [2026-07-26T18:12:02.631Z] : ----------------------------------------------------------------------
[debug] [2026-07-26T18:12:02.631Z] : 
[debug] [2026-07-26T18:12:04.091Z] : > authorizing via signed-in user option
[debug] [2026-07-26T18:12:04.091Z] : > command requires scopes: ["ZohoCatalyst.projects.ALL","ZohoCatalyst.functions.ALL","ZohoCatalyst.webapp.ALL","ZohoCatalyst.appsail.Update"]
[debug] [2026-07-26T18:12:04.251Z] : >>>> HTTP REQUEST : GET https://api.catalyst.zoho.in/baas/v1/project/56788000000013048 

[debug] [2026-07-26T18:12:04.367Z] : <<<< HTTP RESPONSE : 200
Response Headers: {"server":"ZGS","date":"Sun, 26 Jul 2026 18:12:04 GMT","content-type":"application/vnd.catalyst.v2+json","transfer-encoding":"chunked","connection":"keep-alive","x-content-type-options":"nosniff","cache-control":"private,no-cache,no-store,max-age=0,must-revalidate","pragma":"no-cache","expires":"Thu, 01 Jan 1970 00:00:00 GMT","x-frame-options":"DENY","strict-transport-security":"max-age=64072000; includeSubDomains; preload"}

[debug] [2026-07-26T18:12:04.371Z] : >>>> HTTP REQUEST : GET https://api.catalyst.zoho.in/baas/v1/project/56788000000013048/environment 

[debug] [2026-07-26T18:12:04.416Z] : <<<< HTTP RESPONSE : 200
Response Headers: {"server":"ZGS","date":"Sun, 26 Jul 2026 18:12:04 GMT","content-type":"application/vnd.catalyst.v2+json","transfer-encoding":"chunked","connection":"keep-alive","x-content-type-options":"nosniff","cache-control":"private,no-cache,no-store,max-age=0,must-revalidate","pragma":"no-cache","expires":"Thu, 01 Jan 1970 00:00:00 GMT","x-frame-options":"DENY","strict-transport-security":"max-age=64072000; includeSubDomains; preload"}

